/cluster/home/cecilmb/Land-Take-Prediction-Project-NINA-/.venv/lib/python3.10/site-packages/torch/cuda/__init__.py:283: UserWarning: 
    Found GPU0 Tesla P100-PCIE-16GB which is of cuda capability 6.0.
    Minimum and Maximum cuda capability supported by this version of PyTorch is
    (7.0) - (12.0)
    
  warnings.warn(
/cluster/home/cecilmb/Land-Take-Prediction-Project-NINA-/.venv/lib/python3.10/site-packages/torch/cuda/__init__.py:304: UserWarning: 
    Please install PyTorch with a following CUDA
    configurations:  12.6 following instructions at
    https://pytorch.org/get-started/locally/
    
  warnings.warn(matched_cuda_warn.format(matched_arches))
/cluster/home/cecilmb/Land-Take-Prediction-Project-NINA-/.venv/lib/python3.10/site-packages/torch/cuda/__init__.py:326: UserWarning: 
Tesla P100-PCIE-16GB with CUDA capability sm_60 is not compatible with the current PyTorch installation.
The current PyTorch install supports CUDA capabilities sm_70 sm_75 sm_80 sm_86 sm_90 sm_100 sm_120.
If you want to use the Tesla P100-PCIE-16GB GPU with PyTorch, please check the instructions at https://pytorch.org/get-started/locally/

  warnings.warn(
wandb: Tracking run with wandb version 0.23.0
wandb: W&B syncing is set to `offline` in this directory. Run `wandb online` or set WANDB_MODE=online to enable cloud syncing.
wandb: Run data is saved locally in /cluster/home/cecilmb/Land-Take-Prediction-Project-NINA-/wandb/offline-run-20251128_122715-r0x7c8ok
Traceback (most recent call last):
  File "/cluster/home/cecilmb/Land-Take-Prediction-Project-NINA-/train_unet.py", line 489, in <module>
    main()
  File "/cluster/home/cecilmb/Land-Take-Prediction-Project-NINA-/train_unet.py", line 417, in main
    train_loss = train_one_epoch(model, train_loader, loss_fn, optimizer, device)
  File "/cluster/home/cecilmb/Land-Take-Prediction-Project-NINA-/train_unet.py", line 150, in train_one_epoch
    logits = model(imgs)
  File "/cluster/home/cecilmb/Land-Take-Prediction-Project-NINA-/.venv/lib/python3.10/site-packages/torch/nn/modules/module.py", line 1775, in _wrapped_call_impl
    return self._call_impl(*args, **kwargs)
  File "/cluster/home/cecilmb/Land-Take-Prediction-Project-NINA-/.venv/lib/python3.10/site-packages/torch/nn/modules/module.py", line 1881, in _call_impl
    return inner()
  File "/cluster/home/cecilmb/Land-Take-Prediction-Project-NINA-/.venv/lib/python3.10/site-packages/torch/nn/modules/module.py", line 1829, in inner
    result = forward_call(*args, **kwargs)
  File "/cluster/home/cecilmb/Land-Take-Prediction-Project-NINA-/.venv/lib/python3.10/site-packages/segmentation_models_pytorch/base/model.py", line 66, in forward
    features = self.encoder(x)
  File "/cluster/home/cecilmb/Land-Take-Prediction-Project-NINA-/.venv/lib/python3.10/site-packages/torch/nn/modules/module.py", line 1775, in _wrapped_call_impl
    return self._call_impl(*args, **kwargs)
  File "/cluster/home/cecilmb/Land-Take-Prediction-Project-NINA-/.venv/lib/python3.10/site-packages/torch/nn/modules/module.py", line 1786, in _call_impl
    return forward_call(*args, **kwargs)
  File "/cluster/home/cecilmb/Land-Take-Prediction-Project-NINA-/.venv/lib/python3.10/site-packages/segmentation_models_pytorch/encoders/resnet.py", line 65, in forward
    x = self.conv1(x)
  File "/cluster/home/cecilmb/Land-Take-Prediction-Project-NINA-/.venv/lib/python3.10/site-packages/torch/nn/modules/module.py", line 1775, in _wrapped_call_impl
    return self._call_impl(*args, **kwargs)
  File "/cluster/home/cecilmb/Land-Take-Prediction-Project-NINA-/.venv/lib/python3.10/site-packages/torch/nn/modules/module.py", line 1786, in _call_impl
    return forward_call(*args, **kwargs)
  File "/cluster/home/cecilmb/Land-Take-Prediction-Project-NINA-/.venv/lib/python3.10/site-packages/torch/nn/modules/conv.py", line 548, in forward
    return self._conv_forward(input, self.weight, self.bias)
  File "/cluster/home/cecilmb/Land-Take-Prediction-Project-NINA-/.venv/lib/python3.10/site-packages/torch/nn/modules/conv.py", line 543, in _conv_forward
    return F.conv2d(
torch.AcceleratorError: CUDA error: no kernel image is available for execution on the device
Search for `cudaErrorNoKernelImageForDevice' in https://docs.nvidia.com/cuda/cuda-runtime-api/group__CUDART__TYPES.html for more information.
CUDA kernel errors might be asynchronously reported at some other API call, so the stacktrace below might be incorrect.
For debugging consider passing CUDA_LAUNCH_BLOCKING=1
Compile with `TORCH_USE_CUDA_DSA` to enable device-side assertions.

Traceback (most recent call last):
  File "/cluster/home/cecilmb/Land-Take-Prediction-Project-NINA-/train_unet.py", line 489, in <module>
    main()
  File "/cluster/home/cecilmb/Land-Take-Prediction-Project-NINA-/train_unet.py", line 417, in main
    train_loss = train_one_epoch(model, train_loader, loss_fn, optimizer, device)
  File "/cluster/home/cecilmb/Land-Take-Prediction-Project-NINA-/train_unet.py", line 150, in train_one_epoch
    logits = model(imgs)
  File "/cluster/home/cecilmb/Land-Take-Prediction-Project-NINA-/.venv/lib/python3.10/site-packages/torch/nn/modules/module.py", line 1775, in _wrapped_call_impl
    return self._call_impl(*args, **kwargs)
  File "/cluster/home/cecilmb/Land-Take-Prediction-Project-NINA-/.venv/lib/python3.10/site-packages/torch/nn/modules/module.py", line 1881, in _call_impl
    return inner()
  File "/cluster/home/cecilmb/Land-Take-Prediction-Project-NINA-/.venv/lib/python3.10/site-packages/torch/nn/modules/module.py", line 1829, in inner
    result = forward_call(*args, **kwargs)
  File "/cluster/home/cecilmb/Land-Take-Prediction-Project-NINA-/.venv/lib/python3.10/site-packages/segmentation_models_pytorch/base/model.py", line 66, in forward
    features = self.encoder(x)
  File "/cluster/home/cecilmb/Land-Take-Prediction-Project-NINA-/.venv/lib/python3.10/site-packages/torch/nn/modules/module.py", line 1775, in _wrapped_call_impl
    return self._call_impl(*args, **kwargs)
  File "/cluster/home/cecilmb/Land-Take-Prediction-Project-NINA-/.venv/lib/python3.10/site-packages/torch/nn/modules/module.py", line 1786, in _call_impl
    return forward_call(*args, **kwargs)
  File "/cluster/home/cecilmb/Land-Take-Prediction-Project-NINA-/.venv/lib/python3.10/site-packages/segmentation_models_pytorch/encoders/resnet.py", line 65, in forward
    x = self.conv1(x)
  File "/cluster/home/cecilmb/Land-Take-Prediction-Project-NINA-/.venv/lib/python3.10/site-packages/torch/nn/modules/module.py", line 1775, in _wrapped_call_impl
    return self._call_impl(*args, **kwargs)
  File "/cluster/home/cecilmb/Land-Take-Prediction-Project-NINA-/.venv/lib/python3.10/site-packages/torch/nn/modules/module.py", line 1786, in _call_impl
    return forward_call(*args, **kwargs)
  File "/cluster/home/cecilmb/Land-Take-Prediction-Project-NINA-/.venv/lib/python3.10/site-packages/torch/nn/modules/conv.py", line 548, in forward
    return self._conv_forward(input, self.weight, self.bias)
  File "/cluster/home/cecilmb/Land-Take-Prediction-Project-NINA-/.venv/lib/python3.10/site-packages/torch/nn/modules/conv.py", line 543, in _conv_forward
    return F.conv2d(
torch.AcceleratorError: CUDA error: no kernel image is available for execution on the device
Search for `cudaErrorNoKernelImageForDevice' in https://docs.nvidia.com/cuda/cuda-runtime-api/group__CUDART__TYPES.html for more information.
CUDA kernel errors might be asynchronously reported at some other API call, so the stacktrace below might be incorrect.
For debugging consider passing CUDA_LAUNCH_BLOCKING=1
Compile with `TORCH_USE_CUDA_DSA` to enable device-side assertions.

