==========================================
Starting U-Net training job
Job ID:        23675926
Job name:      unet_landtake
Node(s):       idun-07-07
Partition:     GPUQ
GPUs:          
==========================================

Running from directory: /cluster/home/cecilmb/Land-Take-Prediction-Project-NINA-

GPU status:
Fri Nov 28 16:45:43 2025       
+-----------------------------------------------------------------------------------------+
| NVIDIA-SMI 575.57.08              Driver Version: 575.57.08      CUDA Version: 12.9     |
|-----------------------------------------+------------------------+----------------------+
| GPU  Name                 Persistence-M | Bus-Id          Disp.A | Volatile Uncorr. ECC |
| Fan  Temp   Perf          Pwr:Usage/Cap |           Memory-Usage | GPU-Util  Compute M. |
|                                         |                        |               MIG M. |
|=========================================+========================+======================|
|   0  NVIDIA A100-PCIE-40GB          On  |   00000000:48:00.0 Off |                    0 |
| N/A   30C    P0             30W /  250W |       0MiB /  40960MiB |      0%      Default |
|                                         |                        |             Disabled |
+-----------------------------------------+------------------------+----------------------+
                                                                                         
+-----------------------------------------------------------------------------------------+
| Processes:                                                                              |
|  GPU   GI   CI              PID   Type   Process name                        GPU Memory |
|        ID   ID                                                               Usage      |
|=========================================================================================|
|  No running processes found                                                             |
+-----------------------------------------------------------------------------------------+

Starting python train_unet.py
>>> train_unet.py started
All random seeds set to 42
Using device: cuda

================================================================================
DATA SPLITS
================================================================================
Total reference IDs found: 54
Train tiles: 37 (~69%)
Val tiles: 8 (~15%)
Test tiles: 9 (~17%)
✓ Using SHARED splits with FCEF baseline (random_state=42)

================================================================================
NORMALIZATION
================================================================================
Estimating per-channel mean and std from training data...
✓ Computed normalization stats: 126 channels
  Mean (first 5): ['0.1171', '0.1132', '0.1026', '0.1349', '0.2447']
  Std (first 5): ['0.0371', '0.0410', '0.0574', '0.0498', '0.0545']

================================================================================
DATASETS
================================================================================
✓ Datasets created with SHARED normalization and patch_size=64
Training patches: 740 (from 37 tiles)
Validation patches: 80 (from 8 tiles)
Test patches: 90 (from 9 tiles)
Number of input channels: 126

================================================================================
MODEL
================================================================================
✓ U-Net model created with 126 input channels
  Encoder: resnet34
  Encoder weights: imagenet
  Classes: 2

================================================================================
WANDB INITIALIZATION
================================================================================
✓ WandB initialized

================================================================================
TRAINING
================================================================================
Epoch 1/10: train_loss=0.3301 val_loss=0.4132 | IoU=0.2148 F1=0.3536 Prec=0.2722 Rec=0.5047
Epoch 2/10: train_loss=0.2242 val_loss=0.4658 | IoU=0.2744 F1=0.4306 Prec=0.3165 Rec=0.6736
Epoch 3/10: train_loss=0.1958 val_loss=0.7181 | IoU=0.2790 F1=0.4363 Prec=0.3117 Rec=0.7267
Epoch 4/10: train_loss=0.1791 val_loss=0.7056 | IoU=0.2571 F1=0.4091 Prec=0.2944 Rec=0.6701
Epoch 5/10: train_loss=0.1762 val_loss=0.7991 | IoU=0.2383 F1=0.3849 Prec=0.2806 Rec=0.6127
Epoch 6/10: train_loss=0.1512 val_loss=0.8398 | IoU=0.2397 F1=0.3867 Prec=0.2809 Rec=0.6205
Epoch 7/10: train_loss=0.1347 val_loss=0.9498 | IoU=0.2759 F1=0.4325 Prec=0.3106 Rec=0.7118
Epoch 8/10: train_loss=0.1253 val_loss=0.9275 | IoU=0.2523 F1=0.4029 Prec=0.2972 Rec=0.6257
Epoch 9/10: train_loss=0.1228 val_loss=1.0921 | IoU=0.2511 F1=0.4014 Prec=0.2872 Rec=0.6662
Epoch 10/10: train_loss=0.1148 val_loss=0.8481 | IoU=0.2826 F1=0.4407 Prec=0.3127 Rec=0.7457

================================================================================
TEST SET EVALUATION
================================================================================
Test Set Results:
  Loss: 0.3440
  IoU: 0.5969
  F1: 0.7476
  Precision: 0.6475
  Recall: 0.8843
  Accuracy: 0.8672

================================================================================
TRAINING COMPLETE
================================================================================
Final Validation Metrics:
  Loss: 0.8481
  IoU: 0.2826
  F1: 0.4407

==========================================
Job finished
==========================================
