/cluster/home/cecilmb/Land-Take-Prediction-Project-NINA-/.venv/lib/python3.10/site-packages/torch/cuda/__init__.py:283: UserWarning: 
    Found GPU0 Tesla P100-PCIE-16GB which is of cuda capability 6.0.
    Minimum and Maximum cuda capability supported by this version of PyTorch is
    (7.0) - (12.0)
    
  warnings.warn(
/cluster/home/cecilmb/Land-Take-Prediction-Project-NINA-/.venv/lib/python3.10/site-packages/torch/cuda/__init__.py:304: UserWarning: 
    Please install PyTorch with a following CUDA
    configurations:  12.6 following instructions at
    https://pytorch.org/get-started/locally/
    
  warnings.warn(matched_cuda_warn.format(matched_arches))
/cluster/home/cecilmb/Land-Take-Prediction-Project-NINA-/.venv/lib/python3.10/site-packages/torch/cuda/__init__.py:326: UserWarning: 
Tesla P100-PCIE-16GB with CUDA capability sm_60 is not compatible with the current PyTorch installation.
The current PyTorch install supports CUDA capabilities sm_70 sm_75 sm_80 sm_86 sm_90 sm_100 sm_120.
If you want to use the Tesla P100-PCIE-16GB GPU with PyTorch, please check the instructions at https://pytorch.org/get-started/locally/

  warnings.warn(
Traceback (most recent call last):
  File "/cluster/home/cecilmb/Land-Take-Prediction-Project-NINA-/train_unet.py", line 489, in <module>
    main()
  File "/cluster/home/cecilmb/Land-Take-Prediction-Project-NINA-/train_unet.py", line 375, in main
    wandb.init(
  File "/cluster/home/cecilmb/Land-Take-Prediction-Project-NINA-/.venv/lib/python3.10/site-packages/wandb/sdk/wandb_init.py", line 1603, in init
    get_sentry().reraise(e)
  File "/cluster/home/cecilmb/Land-Take-Prediction-Project-NINA-/.venv/lib/python3.10/site-packages/wandb/analytics/sentry.py", line 190, in reraise
    raise exc.with_traceback(tb)
  File "/cluster/home/cecilmb/Land-Take-Prediction-Project-NINA-/.venv/lib/python3.10/site-packages/wandb/sdk/wandb_init.py", line 1524, in init
    wi.maybe_login(init_settings)
  File "/cluster/home/cecilmb/Land-Take-Prediction-Project-NINA-/.venv/lib/python3.10/site-packages/wandb/sdk/wandb_init.py", line 192, in maybe_login
    wandb_login._login(
  File "/cluster/home/cecilmb/Land-Take-Prediction-Project-NINA-/.venv/lib/python3.10/site-packages/wandb/sdk/wandb_login.py", line 323, in _login
    key, key_status = wlogin.prompt_api_key(referrer=referrer)
  File "/cluster/home/cecilmb/Land-Take-Prediction-Project-NINA-/.venv/lib/python3.10/site-packages/wandb/sdk/wandb_login.py", line 248, in prompt_api_key
    raise UsageError("api_key not configured (no-tty). call " + directive)
wandb.errors.errors.UsageError: api_key not configured (no-tty). call wandb.login(key=[your_api_key])
