wandb: Tracking run with wandb version 0.23.0
wandb: W&B syncing is set to `offline` in this directory. Run `wandb online` or set WANDB_MODE=online to enable cloud syncing.
wandb: Run data is saved locally in /cluster/home/cecilmb/Land-Take-Prediction-Project-NINA-/wandb/offline-run-20251128_164706-i1dbs2zu
wandb: 
wandb: Run history:
wandb:          epoch ▁▂▃▃▄▅▆▆▇█
wandb:  test_accuracy ▁
wandb:        test_f1 ▁
wandb:       test_iou ▁
wandb:      test_loss ▁
wandb: test_precision ▁
wandb:    test_recall ▁
wandb:     train_loss █▅▄▃▃▂▂▁▁▁
wandb:   val_accuracy ▆█▆▅▄▅▆▅▁▇
wandb:         val_f1 ▁▇█▅▄▄▇▅▅█
wandb:             +4 ...
wandb: 
wandb: Run summary:
wandb:          epoch 10
wandb:  test_accuracy 0.86723
wandb:        test_f1 0.7476
wandb:       test_iou 0.59694
wandb:      test_loss 0.34397
wandb: test_precision 0.64751
wandb:    test_recall 0.8843
wandb:     train_loss 0.11475
wandb:   val_accuracy 0.84612
wandb:         val_f1 0.44067
wandb:             +4 ...
wandb: 
wandb: You can sync this run to the cloud by running:
wandb: wandb sync /cluster/home/cecilmb/Land-Take-Prediction-Project-NINA-/wandb/offline-run-20251128_164706-i1dbs2zu
wandb: Find logs at: ./wandb/offline-run-20251128_164706-i1dbs2zu/logs
